-- rFunc-rename --
renaming "sFunc" to "rFunc" not possible because "golang.org/x/tools/internal/lsp/rename/bad" has errors
