// +build ignore

package B1

import "time"

var startup = time.Now()

func example() time.Duration {
	before := time.Now()
	time.Sleep(1)
	return time.Since(before)
}

func msSinceStartup() int64 {
	return int64(time.Since(startup) / time.Millisecond)
}
