// +build ignore

package E1

import (
	"fmt"
	"log"
	"os"
)

func example() {
	fmt.Fprintf(os.Stderr, "warning: %v", "oops") // match
}
