-- gofmt --
package noparse_format //@format("package")

func _() {
	f()
}

-- gofmt-d --

