-------- @whicherrs func-dead --------

Error: pointer analysis did not find expression (dead code?)
-------- @whicherrs localerrs --------
this error may point to these globals:
	errVar
this error may contain these constants:
	constErr
this error may contain these dynamic types:
	errType

